// Jest Snapshot v1, https://goo.gl/fbAQLP

exports[`PokemonPage Component Debe hacer match con el snapshot cuando cargan los pokemons 1`] = `
<div>
  <h1>¿Quién es este pokémon?</h1>
  <pokemon-picture-stub pokemonid="1" showpokemon="false" style="margin-top: 25px;"></pokemon-picture-stub>
  <pokemon-options-stub pokemons="[object Object],[object Object],[object Object],[object Object]" style="margin-top: 25px;"></pokemon-options-stub>
  <h2>Puntuación = 0</h2>
  <!--v-if-->
</div>
`;
